../Drivers/STM32H7xx_HAL_Driver/Src/stm32h7xx_ll_usb.c:1436:26:USB_CoreReset	8	static
../Drivers/STM32H7xx_HAL_Driver/Src/stm32h7xx_ll_usb.c:83:19:USB_CoreInit	16	static
../Drivers/STM32H7xx_HAL_Driver/Src/stm32h7xx_ll_usb.c:144:19:USB_SetTurnaroundTime	0	static
../Drivers/STM32H7xx_HAL_Driver/Src/stm32h7xx_ll_usb.c:227:19:USB_EnableGlobalInt	0	static
../Drivers/STM32H7xx_HAL_Driver/Src/stm32h7xx_ll_usb.c:239:19:USB_DisableGlobalInt	0	static
../Drivers/STM32H7xx_HAL_Driver/Src/stm32h7xx_ll_usb.c:254:19:USB_SetCurrentMode	16	static
../Drivers/STM32H7xx_HAL_Driver/Src/stm32h7xx_ll_usb.c:453:19:USB_FlushTxFifo	8	static
../Drivers/STM32H7xx_HAL_Driver/Src/stm32h7xx_ll_usb.c:490:19:USB_FlushRxFifo	8	static
../Drivers/STM32H7xx_HAL_Driver/Src/stm32h7xx_ll_usb.c:533:19:USB_SetDevSpeed	0	static
../Drivers/STM32H7xx_HAL_Driver/Src/stm32h7xx_ll_usb.c:301:19:USB_DevInit	32	static
../Drivers/STM32H7xx_HAL_Driver/Src/stm32h7xx_ll_usb.c:549:9:USB_GetDevSpeed	0	static
../Drivers/STM32H7xx_HAL_Driver/Src/stm32h7xx_ll_usb.c:579:19:USB_ActivateEndpoint	12	static
../Drivers/STM32H7xx_HAL_Driver/Src/stm32h7xx_ll_usb.c:617:19:USB_ActivateDedicatedEndpoint	20	static
../Drivers/STM32H7xx_HAL_Driver/Src/stm32h7xx_ll_usb.c:656:19:USB_DeactivateEndpoint	8	static
../Drivers/STM32H7xx_HAL_Driver/Src/stm32h7xx_ll_usb.c:703:19:USB_DeactivateDedicatedEndpoint	0	static
../Drivers/STM32H7xx_HAL_Driver/Src/stm32h7xx_ll_usb.c:917:19:USB_EPStopXfer	24	static
../Drivers/STM32H7xx_HAL_Driver/Src/stm32h7xx_ll_usb.c:1022:19:USB_EPSetStall	0	static
../Drivers/STM32H7xx_HAL_Driver/Src/stm32h7xx_ll_usb.c:1053:19:USB_EPClearStall	0	static
../Drivers/STM32H7xx_HAL_Driver/Src/stm32h7xx_ll_usb.c:1091:19:USB_WritePacket	8	static
../Drivers/STM32H7xx_HAL_Driver/Src/stm32h7xx_ll_usb.c:745:19:USB_EPStartXfer	40	static
../Drivers/STM32H7xx_HAL_Driver/Src/stm32h7xx_ll_usb.c:1122:7:USB_ReadPacket	16	static
../Drivers/STM32H7xx_HAL_Driver/Src/stm32h7xx_ll_usb.c:1163:19:USB_StopDevice	8	static
../Drivers/STM32H7xx_HAL_Driver/Src/stm32h7xx_ll_usb.c:1204:19:USB_SetDevAddress	0	static
../Drivers/STM32H7xx_HAL_Driver/Src/stm32h7xx_ll_usb.c:1219:19:USB_DevConnect	0	static
../Drivers/STM32H7xx_HAL_Driver/Src/stm32h7xx_ll_usb.c:1236:19:USB_DevDisconnect	0	static
../Drivers/STM32H7xx_HAL_Driver/Src/stm32h7xx_ll_usb.c:1253:10:USB_ReadInterrupts	0	static
../Drivers/STM32H7xx_HAL_Driver/Src/stm32h7xx_ll_usb.c:1269:10:USB_ReadChInterrupts	0	static
../Drivers/STM32H7xx_HAL_Driver/Src/stm32h7xx_ll_usb.c:1285:10:USB_ReadDevAllOutEpInterrupt	0	static
../Drivers/STM32H7xx_HAL_Driver/Src/stm32h7xx_ll_usb.c:1301:10:USB_ReadDevAllInEpInterrupt	0	static
../Drivers/STM32H7xx_HAL_Driver/Src/stm32h7xx_ll_usb.c:1319:10:USB_ReadDevOutEPInterrupt	0	static
../Drivers/STM32H7xx_HAL_Driver/Src/stm32h7xx_ll_usb.c:1337:10:USB_ReadDevInEPInterrupt	0	static
../Drivers/STM32H7xx_HAL_Driver/Src/stm32h7xx_ll_usb.c:1358:7:USB_ClearInterrupts	0	static
../Drivers/STM32H7xx_HAL_Driver/Src/stm32h7xx_ll_usb.c:1371:10:USB_GetMode	0	static
../Drivers/STM32H7xx_HAL_Driver/Src/stm32h7xx_ll_usb.c:1381:19:USB_ActivateSetup	0	static
../Drivers/STM32H7xx_HAL_Driver/Src/stm32h7xx_ll_usb.c:1403:19:USB_EP0_OutStart	12	static
../Drivers/STM32H7xx_HAL_Driver/Src/stm32h7xx_ll_usb.c:1483:19:USB_HostInit	16	static
../Drivers/STM32H7xx_HAL_Driver/Src/stm32h7xx_ll_usb.c:1570:19:USB_InitFSLSPClkSel	8	static
../Drivers/STM32H7xx_HAL_Driver/Src/stm32h7xx_ll_usb.c:1600:19:USB_ResetPort	24	static
../Drivers/STM32H7xx_HAL_Driver/Src/stm32h7xx_ll_usb.c:1627:19:USB_DriveVbus	8	static
../Drivers/STM32H7xx_HAL_Driver/Src/stm32h7xx_ll_usb.c:1657:10:USB_GetHostSpeed	8	static
../Drivers/STM32H7xx_HAL_Driver/Src/stm32h7xx_ll_usb.c:1671:10:USB_GetCurrentFrame	0	static
../Drivers/STM32H7xx_HAL_Driver/Src/stm32h7xx_ll_usb.c:2214:19:USB_DoPing	0	static
../Drivers/STM32H7xx_HAL_Driver/Src/stm32h7xx_ll_usb.c:2238:19:USB_StopHost	24	static
../Drivers/STM32H7xx_HAL_Driver/Src/stm32h7xx_ll_usb.c:2303:19:USB_ActivateRemoteWakeup	0	static
../Drivers/STM32H7xx_HAL_Driver/Src/stm32h7xx_ll_usb.c:2321:19:USB_DeActivateRemoteWakeup	0	static
