../Drivers/STM32H7xx_HAL_Driver/Src/stm32h7xx_hal_pcd.c:278:13:HAL_PCD_MspInit	0	static
../Drivers/STM32H7xx_HAL_Driver/Src/stm32h7xx_hal_pcd.c:123:19:HAL_PCD_Init	32	static
../Drivers/STM32H7xx_HAL_Driver/Src/stm32h7xx_hal_pcd.c:293:13:HAL_PCD_MspDeInit	0	static
../Drivers/STM32H7xx_HAL_Driver/Src/stm32h7xx_hal_pcd.c:239:19:HAL_PCD_DeInit	16	static
../Drivers/STM32H7xx_HAL_Driver/Src/stm32h7xx_hal_pcd.c:996:19:HAL_PCD_Start	8	static
../Drivers/STM32H7xx_HAL_Driver/Src/stm32h7xx_hal_pcd.c:1021:19:HAL_PCD_Stop	16	static
../Drivers/STM32H7xx_HAL_Driver/Src/stm32h7xx_hal_pcd.c:1512:13:HAL_PCD_DataOutStageCallback	0	static
../Drivers/STM32H7xx_HAL_Driver/Src/stm32h7xx_hal_pcd.c:1529:13:HAL_PCD_DataInStageCallback	0	static
../Drivers/STM32H7xx_HAL_Driver/Src/stm32h7xx_hal_pcd.c:1544:13:HAL_PCD_SetupStageCallback	0	static
../Drivers/STM32H7xx_HAL_Driver/Src/stm32h7xx_hal_pcd.c:1559:13:HAL_PCD_SOFCallback	0	static
../Drivers/STM32H7xx_HAL_Driver/Src/stm32h7xx_hal_pcd.c:1574:13:HAL_PCD_ResetCallback	0	static
../Drivers/STM32H7xx_HAL_Driver/Src/stm32h7xx_hal_pcd.c:1589:13:HAL_PCD_SuspendCallback	0	static
../Drivers/STM32H7xx_HAL_Driver/Src/stm32h7xx_hal_pcd.c:1604:13:HAL_PCD_ResumeCallback	0	static
../Drivers/STM32H7xx_HAL_Driver/Src/stm32h7xx_hal_pcd.c:1620:13:HAL_PCD_ISOOUTIncompleteCallback	0	static
../Drivers/STM32H7xx_HAL_Driver/Src/stm32h7xx_hal_pcd.c:1637:13:HAL_PCD_ISOINIncompleteCallback	0	static
../Drivers/STM32H7xx_HAL_Driver/Src/stm32h7xx_hal_pcd.c:1653:13:HAL_PCD_ConnectCallback	0	static
../Drivers/STM32H7xx_HAL_Driver/Src/stm32h7xx_hal_pcd.c:1668:13:HAL_PCD_DisconnectCallback	0	static
../Drivers/STM32H7xx_HAL_Driver/Src/stm32h7xx_hal_pcd.c:1702:19:HAL_PCD_DevConnect	8	static
../Drivers/STM32H7xx_HAL_Driver/Src/stm32h7xx_hal_pcd.c:1725:19:HAL_PCD_DevDisconnect	16	static
../Drivers/STM32H7xx_HAL_Driver/Src/stm32h7xx_hal_pcd.c:1750:19:HAL_PCD_SetAddress	8	static
../Drivers/STM32H7xx_HAL_Driver/Src/stm32h7xx_hal_pcd.c:1767:19:HAL_PCD_EP_Open	16	static
../Drivers/STM32H7xx_HAL_Driver/Src/stm32h7xx_hal_pcd.c:1813:19:HAL_PCD_EP_Close	8	static
../Drivers/STM32H7xx_HAL_Driver/Src/stm32h7xx_hal_pcd.c:1844:19:HAL_PCD_EP_Receive	16	static
../Drivers/STM32H7xx_HAL_Driver/Src/stm32h7xx_hal_pcd.c:1873:10:HAL_PCD_EP_GetRxCount	0	static
../Drivers/STM32H7xx_HAL_Driver/Src/stm32h7xx_hal_pcd.c:1885:19:HAL_PCD_EP_Transmit	16	static
../Drivers/STM32H7xx_HAL_Driver/Src/stm32h7xx_hal_pcd.c:1914:19:HAL_PCD_EP_SetStall	16	static
../Drivers/STM32H7xx_HAL_Driver/Src/stm32h7xx_hal_pcd.c:1957:19:HAL_PCD_EP_ClrStall	16	static
../Drivers/STM32H7xx_HAL_Driver/Src/stm32h7xx_hal_pcd.c:1993:19:HAL_PCD_EP_Abort	0	static
../Drivers/STM32H7xx_HAL_Driver/Src/stm32h7xx_hal_pcd.c:1049:6:HAL_PCD_IRQHandler	72	static
../Drivers/STM32H7xx_HAL_Driver/Src/stm32h7xx_hal_pcd.c:2019:19:HAL_PCD_EP_Flush	8	static
../Drivers/STM32H7xx_HAL_Driver/Src/stm32h7xx_hal_pcd.c:2042:19:HAL_PCD_ActivateRemoteWakeup	0	static
../Drivers/STM32H7xx_HAL_Driver/Src/stm32h7xx_hal_pcd.c:2052:19:HAL_PCD_DeActivateRemoteWakeup	0	static
../Drivers/STM32H7xx_HAL_Driver/Src/stm32h7xx_hal_pcd.c:2081:18:HAL_PCD_GetState	0	static
../Drivers/STM32H7xx_HAL_Driver/Src/stm32h7xx_hal_pcd.c:2093:19:HAL_PCD_SetTestMode	0	static
