../Drivers/STM32H7xx_HAL_Driver/Src/stm32h7xx_hal_spi.c:3678:13:SPI_RxISR_16BIT	0	static
../Drivers/STM32H7xx_HAL_Driver/Src/stm32h7xx_hal_spi.c:3722:13:SPI_RxISR_32BIT	0	static
../Drivers/STM32H7xx_HAL_Driver/Src/stm32h7xx_hal_spi.c:3898:13:SPI_AbortTransfer	0	static
../Drivers/STM32H7xx_HAL_Driver/Src/stm32h7xx_hal_spi.c:3937:13:SPI_CloseTransfer	0	static
../Drivers/STM32H7xx_HAL_Driver/Src/stm32h7xx_hal_spi.c:3640:13:SPI_RxISR_8BIT	0	static
../Drivers/STM32H7xx_HAL_Driver/Src/stm32h7xx_hal_spi.c:3760:13:SPI_TxISR_8BIT	0	static
../Drivers/STM32H7xx_HAL_Driver/Src/stm32h7xx_hal_spi.c:3804:13:SPI_TxISR_16BIT	0	static
../Drivers/STM32H7xx_HAL_Driver/Src/stm32h7xx_hal_spi.c:3854:13:SPI_TxISR_32BIT	0	static
../Drivers/STM32H7xx_HAL_Driver/Src/stm32h7xx_hal_spi.c:533:13:HAL_SPI_MspInit	0	static
../Drivers/STM32H7xx_HAL_Driver/Src/stm32h7xx_hal_spi.c:239:19:HAL_SPI_Init	24	static
../Drivers/STM32H7xx_HAL_Driver/Src/stm32h7xx_hal_spi.c:549:13:HAL_SPI_MspDeInit	0	static
../Drivers/STM32H7xx_HAL_Driver/Src/stm32h7xx_hal_spi.c:489:19:HAL_SPI_DeInit	8	static
../Drivers/STM32H7xx_HAL_Driver/Src/stm32h7xx_hal_spi.c:824:19:HAL_SPI_Transmit	32	static
../Drivers/STM32H7xx_HAL_Driver/Src/stm32h7xx_hal_spi.c:1048:19:HAL_SPI_Receive	32	static
../Drivers/STM32H7xx_HAL_Driver/Src/stm32h7xx_hal_spi.c:1345:19:HAL_SPI_TransmitReceive	40	static
../Drivers/STM32H7xx_HAL_Driver/Src/stm32h7xx_hal_spi.c:1672:19:HAL_SPI_Transmit_IT	8	static
../Drivers/STM32H7xx_HAL_Driver/Src/stm32h7xx_hal_spi.c:1762:19:HAL_SPI_Receive_IT	8	static
../Drivers/STM32H7xx_HAL_Driver/Src/stm32h7xx_hal_spi.c:1857:19:HAL_SPI_TransmitReceive_IT	12	static
../Drivers/STM32H7xx_HAL_Driver/Src/stm32h7xx_hal_spi.c:2113:19:HAL_SPI_Transmit_DMA	24	static
../Drivers/STM32H7xx_HAL_Driver/Src/stm32h7xx_hal_spi.c:2259:19:HAL_SPI_Receive_DMA	24	static
../Drivers/STM32H7xx_HAL_Driver/Src/stm32h7xx_hal_spi.c:2407:19:HAL_SPI_TransmitReceive_DMA	32	static
../Drivers/STM32H7xx_HAL_Driver/Src/stm32h7xx_hal_spi.c:2594:19:HAL_SPI_Abort	16	static
../Drivers/STM32H7xx_HAL_Driver/Src/stm32h7xx_hal_spi.c:2882:19:HAL_SPI_DMAPause	0	static
../Drivers/STM32H7xx_HAL_Driver/Src/stm32h7xx_hal_spi.c:2897:19:HAL_SPI_DMAResume	0	static
../Drivers/STM32H7xx_HAL_Driver/Src/stm32h7xx_hal_spi.c:2912:19:HAL_SPI_DMAStop	0	static
../Drivers/STM32H7xx_HAL_Driver/Src/stm32h7xx_hal_spi.c:3179:13:HAL_SPI_TxCpltCallback	0	static
../Drivers/STM32H7xx_HAL_Driver/Src/stm32h7xx_hal_spi.c:3380:13:SPI_DMATransmitCplt	8	static
../Drivers/STM32H7xx_HAL_Driver/Src/stm32h7xx_hal_spi.c:3195:13:HAL_SPI_RxCpltCallback	0	static
../Drivers/STM32H7xx_HAL_Driver/Src/stm32h7xx_hal_spi.c:3408:13:SPI_DMAReceiveCplt	8	static
../Drivers/STM32H7xx_HAL_Driver/Src/stm32h7xx_hal_spi.c:3211:13:HAL_SPI_TxRxCpltCallback	0	static
../Drivers/STM32H7xx_HAL_Driver/Src/stm32h7xx_hal_spi.c:3436:13:SPI_DMATransmitReceiveCplt	8	static
../Drivers/STM32H7xx_HAL_Driver/Src/stm32h7xx_hal_spi.c:3227:13:HAL_SPI_TxHalfCpltCallback	0	static
../Drivers/STM32H7xx_HAL_Driver/Src/stm32h7xx_hal_spi.c:3464:13:SPI_DMAHalfTransmitCplt	8	static
../Drivers/STM32H7xx_HAL_Driver/Src/stm32h7xx_hal_spi.c:3243:13:HAL_SPI_RxHalfCpltCallback	0	static
../Drivers/STM32H7xx_HAL_Driver/Src/stm32h7xx_hal_spi.c:3482:13:SPI_DMAHalfReceiveCplt	8	static
../Drivers/STM32H7xx_HAL_Driver/Src/stm32h7xx_hal_spi.c:3259:13:HAL_SPI_TxRxHalfCpltCallback	0	static
../Drivers/STM32H7xx_HAL_Driver/Src/stm32h7xx_hal_spi.c:3500:13:SPI_DMAHalfTransmitReceiveCplt	8	static
../Drivers/STM32H7xx_HAL_Driver/Src/stm32h7xx_hal_spi.c:3275:13:HAL_SPI_ErrorCallback	0	static
../Drivers/STM32H7xx_HAL_Driver/Src/stm32h7xx_hal_spi.c:3518:13:SPI_DMAError	8	static
../Drivers/STM32H7xx_HAL_Driver/Src/stm32h7xx_hal_spi.c:3544:13:SPI_DMAAbortOnError	8	static
../Drivers/STM32H7xx_HAL_Driver/Src/stm32h7xx_hal_spi.c:3293:13:HAL_SPI_AbortCpltCallback	0	static
../Drivers/STM32H7xx_HAL_Driver/Src/stm32h7xx_hal_spi.c:2727:19:HAL_SPI_Abort_IT	24	static
../Drivers/STM32H7xx_HAL_Driver/Src/stm32h7xx_hal_spi.c:3568:13:SPI_DMATxAbortCallback	8	static
../Drivers/STM32H7xx_HAL_Driver/Src/stm32h7xx_hal_spi.c:3605:13:SPI_DMARxAbortCallback	8	static
../Drivers/STM32H7xx_HAL_Driver/Src/stm32h7xx_hal_spi.c:3308:13:HAL_SPI_SuspendCallback	0	static
../Drivers/STM32H7xx_HAL_Driver/Src/stm32h7xx_hal_spi.c:2926:6:HAL_SPI_IRQHandler	32	static
../Drivers/STM32H7xx_HAL_Driver/Src/stm32h7xx_hal_spi.c:3343:22:HAL_SPI_GetState	0	static
../Drivers/STM32H7xx_HAL_Driver/Src/stm32h7xx_hal_spi.c:3355:10:HAL_SPI_GetError	0	static
