../BSP/Src/bpf_lpf.c:50:13:set_bpf_ch	8	static
../BSP/Src/bpf_lpf.c:58:13:set_lpf_ch	8	static
../BSP/Src/bpf_lpf.c:46:13:BPF_BandName	0	static
../BSP/Src/bpf_lpf.c:70:6:BPF_LPF_Init	8	static
../BSP/Src/bpf_lpf.c:85:6:BPF_SetBand	0	static
../BSP/Src/bpf_lpf.c:93:6:LPF_SetBand	0	static
../BSP/Src/bpf_lpf.c:111:6:BPF_Enable	0	static
../BSP/Src/bpf_lpf.c:120:9:BPF_FreqToBand	8	static
../BSP/Src/bpf_lpf.c:101:6:BPF_LPF_SetFrequency	8	static
../BSP/Src/bpf_lpf.c:131:10:BPF_BandToFreq	0	static
../BSP/Src/bpf_lpf.c:137:9:BPF_BandUp	0	static
../BSP/Src/bpf_lpf.c:142:9:BPF_BandDown	0	static
