../BSP/Src/csdr_app.c:649:17:cat_get_freq	0	static
../BSP/Src/csdr_app.c:650:17:cat_get_mode	0	static
../BSP/Src/csdr_app.c:651:17:cat_get_tx	0	static
../BSP/Src/csdr_app.c:652:17:cat_get_signal	0	static
../BSP/Src/csdr_app.c:653:17:cat_get_att	0	static
../BSP/Src/csdr_app.c:648:17:cat_set_att	8	static
../BSP/Src/csdr_app.c:621:17:cat_set_freq	16	static
../BSP/Src/csdr_app.c:622:17:cat_set_mode	8	static
../BSP/Src/csdr_app.c:623:13:cat_set_tx	16	static
../BSP/Src/csdr_app.c:368:13:csdr_apply_band	16	static
../BSP/Src/csdr_app.c:601:13:menu_apply_cb	56	static
../BSP/Src/csdr_app.c:108:6:CSDR_Init	200	static
../BSP/Src/csdr_app.c:247:6:CSDR_Loop	96	static,ignoring_inline_asm
../BSP/Src/csdr_app.c:304:6:CSDR_SysTickCallback	0	static
../BSP/Src/csdr_app.c:316:6:CSDR_CDC_Receive	0	static
../BSP/Src/csdr_app.c:325:6:HAL_SAI_RxHalfCpltCallback	0	static
../BSP/Src/csdr_app.c:337:6:HAL_SAI_RxCpltCallback	0	static
../BSP/Src/csdr_app.c:349:6:HAL_SAI_ErrorCallback	8	static
../BSP/Src/csdr_app.c:360:6:HAL_SPI_TxCpltCallback	0	static
../BSP/Src/csdr_app.c:660:10:CSDR_GetTxBuf	0	static
../BSP/Src/csdr_app.c:661:10:CSDR_GetRxBuf	0	static
../BSP/Src/csdr_app.c:662:6:CSDR_ClearDspFlags	0	static
