../BSP/Src/csdr_app.c:819:17:cat_set_nr	0	static
../BSP/Src/csdr_app.c:820:17:cat_set_nb	0	static
../BSP/Src/csdr_app.c:827:17:bw_snap	20	static
../BSP/Src/csdr_app.c:851:17:cat_set_agc_fast	0	static
../BSP/Src/csdr_app.c:852:17:cat_set_squelch	0	static
../BSP/Src/csdr_app.c:854:17:cat_get_freq	0	static
../BSP/Src/csdr_app.c:855:17:cat_get_mode	0	static
../BSP/Src/csdr_app.c:856:17:cat_get_tx	0	static
../BSP/Src/csdr_app.c:857:17:cat_get_signal	0	static
../BSP/Src/csdr_app.c:858:17:cat_get_att	0	static
../BSP/Src/csdr_app.c:859:17:cat_get_volume	0	static
../BSP/Src/csdr_app.c:860:17:cat_get_nr	0	static
../BSP/Src/csdr_app.c:861:17:cat_get_nb	0	static
../BSP/Src/csdr_app.c:862:17:cat_get_bw	0	static
../BSP/Src/csdr_app.c:863:17:cat_get_agc_fast	0	static
../BSP/Src/csdr_app.c:864:17:cat_get_squelch	0	static
../BSP/Src/csdr_app.c:865:17:cat_get_rit_hz	0	static
../BSP/Src/csdr_app.c:866:17:cat_get_step	0	static
../BSP/Src/csdr_app.c:867:13:cat_set_rit_hz	0	static
../BSP/Src/csdr_app.c:874:13:cat_set_step	0	static
../BSP/Src/csdr_app.c:897:16:cat_get_if_shift	0	static
../BSP/Src/csdr_app.c:805:17:cat_set_att	8	static
../BSP/Src/csdr_app.c:888:13:cat_set_if_shift	16	static
../BSP/Src/csdr_app.c:838:13:cat_set_bw	8	static
../BSP/Src/csdr_app.c:810:13:cat_set_volume	8	static
../BSP/Src/csdr_app.c:776:13:cat_set_tx	16	static
../BSP/Src/csdr_app.c:775:17:cat_set_mode	8	static
../BSP/Src/csdr_app.c:479:13:csdr_apply_band	24	static
../BSP/Src/csdr_app.c:753:13:menu_apply_cb	64	static
../BSP/Src/csdr_app.c:774:17:cat_set_freq	24	static
../BSP/Src/csdr_app.c:145:6:CSDR_Init	216	static
../BSP/Src/csdr_app.c:325:6:CSDR_Loop	176	static,ignoring_inline_asm
../BSP/Src/csdr_app.c:410:6:CSDR_SysTickCallback	0	static
../BSP/Src/csdr_app.c:422:6:CSDR_CDC_Receive	0	static
../BSP/Src/csdr_app.c:431:6:HAL_SAI_RxHalfCpltCallback	0	static
../BSP/Src/csdr_app.c:442:6:HAL_SAI_RxCpltCallback	0	static
../BSP/Src/csdr_app.c:454:6:HAL_SAI_ErrorCallback	16	static,ignoring_inline_asm
../BSP/Src/csdr_app.c:471:6:HAL_SPI_TxCpltCallback	0	static
../BSP/Src/csdr_app.c:904:10:CSDR_GetTxBuf	0	static
../BSP/Src/csdr_app.c:905:10:CSDR_GetRxBuf	0	static
../BSP/Src/csdr_app.c:906:6:CSDR_ClearDspFlags	0	static
