../BSP/Src/csdr_app.c:787:17:cat_set_nr	0	static
../BSP/Src/csdr_app.c:788:17:cat_set_nb	0	static
../BSP/Src/csdr_app.c:795:17:bw_snap	20	static
../BSP/Src/csdr_app.c:819:17:cat_set_agc_fast	0	static
../BSP/Src/csdr_app.c:820:17:cat_set_squelch	0	static
../BSP/Src/csdr_app.c:822:17:cat_get_freq	0	static
../BSP/Src/csdr_app.c:823:17:cat_get_mode	0	static
../BSP/Src/csdr_app.c:824:17:cat_get_tx	0	static
../BSP/Src/csdr_app.c:825:17:cat_get_signal	0	static
../BSP/Src/csdr_app.c:826:17:cat_get_att	0	static
../BSP/Src/csdr_app.c:827:17:cat_get_volume	0	static
../BSP/Src/csdr_app.c:828:17:cat_get_nr	0	static
../BSP/Src/csdr_app.c:829:17:cat_get_nb	0	static
../BSP/Src/csdr_app.c:830:17:cat_get_bw	0	static
../BSP/Src/csdr_app.c:831:17:cat_get_agc_fast	0	static
../BSP/Src/csdr_app.c:832:17:cat_get_squelch	0	static
../BSP/Src/csdr_app.c:833:17:cat_get_rit_hz	0	static
../BSP/Src/csdr_app.c:834:17:cat_get_step	0	static
../BSP/Src/csdr_app.c:835:13:cat_set_rit_hz	0	static
../BSP/Src/csdr_app.c:842:13:cat_set_step	0	static
../BSP/Src/csdr_app.c:865:16:cat_get_if_shift	0	static
../BSP/Src/csdr_app.c:773:17:cat_set_att	8	static
../BSP/Src/csdr_app.c:856:13:cat_set_if_shift	16	static
../BSP/Src/csdr_app.c:743:17:cat_set_mode	8	static
../BSP/Src/csdr_app.c:806:13:cat_set_bw	8	static
../BSP/Src/csdr_app.c:778:13:cat_set_volume	8	static
../BSP/Src/csdr_app.c:744:13:cat_set_tx	16	static
../BSP/Src/csdr_app.c:473:13:csdr_apply_band	24	static
../BSP/Src/csdr_app.c:722:13:menu_apply_cb	56	static
../BSP/Src/csdr_app.c:742:17:cat_set_freq	24	static
../BSP/Src/csdr_app.c:143:6:CSDR_Init	200	static
../BSP/Src/csdr_app.c:323:6:CSDR_Loop	128	static,ignoring_inline_asm
../BSP/Src/csdr_app.c:404:6:CSDR_SysTickCallback	0	static
../BSP/Src/csdr_app.c:416:6:CSDR_CDC_Receive	0	static
../BSP/Src/csdr_app.c:425:6:HAL_SAI_RxHalfCpltCallback	0	static
../BSP/Src/csdr_app.c:436:6:HAL_SAI_RxCpltCallback	0	static
../BSP/Src/csdr_app.c:448:6:HAL_SAI_ErrorCallback	16	static,ignoring_inline_asm
../BSP/Src/csdr_app.c:465:6:HAL_SPI_TxCpltCallback	0	static
../BSP/Src/csdr_app.c:872:10:CSDR_GetTxBuf	0	static
../BSP/Src/csdr_app.c:873:10:CSDR_GetRxBuf	0	static
../BSP/Src/csdr_app.c:874:6:CSDR_ClearDspFlags	0	static
