../BSP/Src/menu.c:145:13:change_val	16	static
../BSP/Src/menu.c:48:13:push_ln	16	static
../BSP/Src/menu.c:109:6:Menu_Init	24	static
../BSP/Src/menu.c:206:6:Menu_Render	96	static
../BSP/Src/menu.c:135:6:Menu_Toggle	0	static
../BSP/Src/menu.c:163:6:Menu_Up	8	static
../BSP/Src/menu.c:171:6:Menu_Down	8	static
../BSP/Src/menu.c:179:6:Menu_Select	8	static
../BSP/Src/menu.c:187:6:Menu_Confirm	8	static
../BSP/Src/menu.c:195:6:Menu_Back	0	static
../BSP/Src/menu.c:202:6:Menu_EncoderEdit	8	static
../BSP/Src/menu.c:256:6:Menu_LoadFromSDR	8	static
../BSP/Src/menu.c:281:6:Menu_SaveToSDR	0	static
