../BSP/Src/menu.c:149:13:change_val	16	static
../BSP/Src/menu.c:50:13:push_ln	16	static
../BSP/Src/menu.c:111:6:Menu_Init	24	static
../BSP/Src/menu.c:210:6:Menu_Render	96	static
../BSP/Src/menu.c:139:6:Menu_Toggle	0	static
../BSP/Src/menu.c:167:6:Menu_Up	8	static
../BSP/Src/menu.c:175:6:Menu_Down	8	static
../BSP/Src/menu.c:183:6:Menu_Select	8	static
../BSP/Src/menu.c:191:6:Menu_Confirm	8	static
../BSP/Src/menu.c:199:6:Menu_Back	0	static
../BSP/Src/menu.c:206:6:Menu_EncoderEdit	8	static
../BSP/Src/menu.c:260:6:Menu_LoadFromSDR	8	static
../BSP/Src/menu.c:286:6:Menu_SaveToSDR	0	static
