../BSP/Src/sdr_dsp.c:93:6:NCO_SetFrequency	0	static
../BSP/Src/sdr_dsp.c:108:6:NCO_Step	16	static
../BSP/Src/sdr_dsp.c:128:6:FIR_Init_LPF	64	static
../BSP/Src/sdr_dsp.c:172:7:FIR_Process	20	static
../BSP/Src/sdr_dsp.c:198:6:IIR_DCBlock_Init	0	static
../BSP/Src/sdr_dsp.c:211:7:IIR_DCBlock_Process	0	static
../BSP/Src/sdr_dsp.c:230:6:AGC_Init	16	static
../BSP/Src/sdr_dsp.c:249:7:AGC_Process	0	static
../BSP/Src/sdr_dsp.c:278:6:FFT_Hann_Window	32	static
../BSP/Src/sdr_dsp.c:293:6:FFT_Radix2	40	static
../BSP/Src/sdr_dsp.c:337:6:FFT_ComputeMag_dB	48	static
../BSP/Src/sdr_dsp.c:382:7:Demod_AM	0	static
../BSP/Src/sdr_dsp.c:394:7:Demod_FM	8	static
../BSP/Src/sdr_dsp.c:415:7:Demod_USB	0	static
../BSP/Src/sdr_dsp.c:426:7:Demod_LSB	0	static
../BSP/Src/sdr_dsp.c:440:7:Demod_CW	16	static
../BSP/Src/sdr_dsp.c:514:6:DSP_SetFrequency	4	static
../BSP/Src/sdr_dsp.c:529:6:DSP_SetMode	16	static
../BSP/Src/sdr_dsp.c:571:6:DSP_Process	88	static
../BSP/Src/sdr_dsp.c:688:6:Hilbert_Init	48	static
../BSP/Src/sdr_dsp.c:460:6:DSP_Init	24	static
../BSP/Src/sdr_dsp.c:711:7:Hilbert_Process	12	static
../BSP/Src/sdr_dsp.c:749:6:DSP_ProcessTX	72	static
