../BSP/Src/sdr_dsp.c:71:6:NCO_SetFrequency	0	static
../BSP/Src/sdr_dsp.c:82:6:NCO_Step	0	static
../BSP/Src/sdr_dsp.c:96:6:FIR_Init_LPF	64	static
../BSP/Src/sdr_dsp.c:122:7:FIR_Process	20	static
../BSP/Src/sdr_dsp.c:141:6:IIR_DCBlock_Init	0	static
../BSP/Src/sdr_dsp.c:151:7:IIR_DCBlock_Process	0	static
../BSP/Src/sdr_dsp.c:165:6:AGC_Init	16	static
../BSP/Src/sdr_dsp.c:178:7:AGC_Process	0	static
../BSP/Src/sdr_dsp.c:196:6:FFT_Hann_Window	32	static
../BSP/Src/sdr_dsp.c:204:6:FFT_Radix2	40	static
../BSP/Src/sdr_dsp.c:235:6:FFT_ComputeMag_dB	20	static
../BSP/Src/sdr_dsp.c:265:7:Demod_AM	0	static
../BSP/Src/sdr_dsp.c:272:7:Demod_FM	8	static
../BSP/Src/sdr_dsp.c:286:7:Demod_USB	0	static
../BSP/Src/sdr_dsp.c:287:7:Demod_LSB	0	static
../BSP/Src/sdr_dsp.c:289:7:Demod_CW	8	static
../BSP/Src/sdr_dsp.c:354:6:DSP_SetFrequency	0	static
../BSP/Src/sdr_dsp.c:363:6:DSP_SetMode	16	static
../BSP/Src/sdr_dsp.c:393:6:DSP_SetBW	16	static
../BSP/Src/sdr_dsp.c:415:6:DSP_Process	80	static
../BSP/Src/sdr_dsp.c:526:6:Hilbert_Init	56	static
../BSP/Src/sdr_dsp.c:305:6:DSP_Init	32	static
../BSP/Src/sdr_dsp.c:563:7:Hilbert_Process	12	static
../BSP/Src/sdr_dsp.c:591:6:DSP_ProcessTX	72	static
