../BSP/Src/sdr_ui.c:205:17:spec_half_span_hz	0	static
../BSP/Src/sdr_ui.c:566:13:draw_smeter_rows	80	static
../BSP/Src/sdr_ui.c:213:13:draw_footer_rows	96	static
../BSP/Src/sdr_ui.c:147:13:ln_bigstr.constprop	56	static
../BSP/Src/sdr_ui.c:177:6:SDR_UI_Init	176	static
../BSP/Src/sdr_ui.c:245:6:SDR_UI_DrawFrame	8	static
../BSP/Src/sdr_ui.c:262:6:SDR_UI_DrawHeader	104	static
../BSP/Src/sdr_ui.c:319:6:SDR_UI_DrawSidebarLeft	88	static
../BSP/Src/sdr_ui.c:426:6:SDR_UI_DrawSidebarRight	144	static
../BSP/Src/sdr_ui.c:486:6:SDR_UI_DrawVFO	120	static
../BSP/Src/sdr_ui.c:629:6:SDR_UI_DrawMeter	16	static
../BSP/Src/sdr_ui.c:642:6:SDR_UI_UpdateSMeter_SetTX	0	static
../BSP/Src/sdr_ui.c:643:6:SDR_UI_UpdateSMeter_SetVoltage	0	static
../BSP/Src/sdr_ui.c:645:6:SDR_UI_UpdateSMeter	16	static
../BSP/Src/sdr_ui.c:658:6:SDR_UI_UpdateTXMeters	96	static
../BSP/Src/sdr_ui.c:737:6:SDR_UI_DrawTopBar	16	static
../BSP/Src/sdr_ui.c:744:6:SDR_UI_DrawStatusPanel	16	static
../BSP/Src/sdr_ui.c:753:6:SDR_UI_DrawSpectrum	672	static
../BSP/Src/sdr_ui.c:822:9:SDR_UI_WaterfallPrecompute	48	static
../BSP/Src/sdr_ui.c:858:6:SDR_UI_WaterfallPush	32	static
../BSP/Src/sdr_ui.c:881:6:SDR_UI_DrawWaterfall	8	static
../BSP/Src/sdr_ui.c:895:6:SDR_UI_SetSpecZoom	8	static
../BSP/Src/sdr_ui.c:902:9:SDR_UI_GetSpecZoom	0	static
../BSP/Src/sdr_ui.c:905:6:SDR_UI_DrawFuncBar	0	static
