../BSP/Src/sdr_dsp.c:71:6:NCO_SetFrequency	8	static
../BSP/Src/sdr_dsp.c:86:6:NCO_Step	0	static
../BSP/Src/sdr_dsp.c:100:6:FIR_Init_LPF	64	static
../BSP/Src/sdr_dsp.c:126:7:FIR_Process	20	static
../BSP/Src/sdr_dsp.c:145:6:IIR_DCBlock_Init	0	static
../BSP/Src/sdr_dsp.c:155:7:IIR_DCBlock_Process	0	static
../BSP/Src/sdr_dsp.c:169:6:AGC_Init	24	static
../BSP/Src/sdr_dsp.c:186:6:AGC_SetSpeed	24	static
../BSP/Src/sdr_dsp.c:200:7:AGC_Process	0	static
../BSP/Src/sdr_dsp.c:225:6:FFT_Hann_Window	32	static
../BSP/Src/sdr_dsp.c:233:6:FFT_Radix2	40	static
../BSP/Src/sdr_dsp.c:264:6:FFT_ComputeMag_dB	20	static
../BSP/Src/sdr_dsp.c:294:7:Demod_AM	0	static
../BSP/Src/sdr_dsp.c:301:7:Demod_FM	8	static
../BSP/Src/sdr_dsp.c:315:7:Demod_USB	0	static
../BSP/Src/sdr_dsp.c:316:7:Demod_LSB	0	static
../BSP/Src/sdr_dsp.c:318:7:Demod_CW	16	static
../BSP/Src/sdr_dsp.c:394:6:DSP_SetFrequency	0	static
../BSP/Src/sdr_dsp.c:404:6:DSP_SetMode	24	static
../BSP/Src/sdr_dsp.c:437:6:DSP_SetBW	16	static
../BSP/Src/sdr_dsp.c:452:6:DSP_SetIQCorr	0	static
../BSP/Src/sdr_dsp.c:473:6:DSP_Process	80	static
../BSP/Src/sdr_dsp.c:589:6:Hilbert_Init	56	static
../BSP/Src/sdr_dsp.c:332:6:DSP_Init	40	static
../BSP/Src/sdr_dsp.c:626:7:Hilbert_Process	12	static
../BSP/Src/sdr_dsp.c:654:6:DSP_ProcessTX	72	static
