../BSP/Src/sdr_dsp.c:71:6:NCO_SetFrequency	8	static
../BSP/Src/sdr_dsp.c:86:6:NCO_Step	0	static
../BSP/Src/sdr_dsp.c:100:6:FIR_Init_LPF	64	static
../BSP/Src/sdr_dsp.c:126:7:FIR_Process	20	static
../BSP/Src/sdr_dsp.c:145:6:IIR_DCBlock_Init	0	static
../BSP/Src/sdr_dsp.c:155:7:IIR_DCBlock_Process	0	static
../BSP/Src/sdr_dsp.c:169:6:AGC_Init	16	static
../BSP/Src/sdr_dsp.c:182:7:AGC_Process	0	static
../BSP/Src/sdr_dsp.c:200:6:FFT_Hann_Window	32	static
../BSP/Src/sdr_dsp.c:208:6:FFT_Radix2	40	static
../BSP/Src/sdr_dsp.c:239:6:FFT_ComputeMag_dB	20	static
../BSP/Src/sdr_dsp.c:269:7:Demod_AM	0	static
../BSP/Src/sdr_dsp.c:276:7:Demod_FM	8	static
../BSP/Src/sdr_dsp.c:290:7:Demod_USB	0	static
../BSP/Src/sdr_dsp.c:291:7:Demod_LSB	0	static
../BSP/Src/sdr_dsp.c:293:7:Demod_CW	16	static
../BSP/Src/sdr_dsp.c:362:6:DSP_SetFrequency	0	static
../BSP/Src/sdr_dsp.c:372:6:DSP_SetMode	24	static
../BSP/Src/sdr_dsp.c:405:6:DSP_SetBW	16	static
../BSP/Src/sdr_dsp.c:427:6:DSP_Process	72	static
../BSP/Src/sdr_dsp.c:537:6:Hilbert_Init	56	static
../BSP/Src/sdr_dsp.c:307:6:DSP_Init	32	static
../BSP/Src/sdr_dsp.c:574:7:Hilbert_Process	12	static
../BSP/Src/sdr_dsp.c:602:6:DSP_ProcessTX	72	static
