../BSP/Src/st7789.c:94:13:hw_d8	16	static
../BSP/Src/st7789.c:92:13:hw_cmd	16	static
../BSP/Src/st7789.c:96:13:hw_d16	16	static
../BSP/Src/st7789.c:100:13:dma_wait	16	static
../BSP/Src/st7789.c:111:13:dma_push	32	static,ignoring_inline_asm
../BSP/Src/st7789.c:125:6:LCD_LineFill	0	static
../BSP/Src/st7789.c:130:6:LCD_LineChar	32	static
../BSP/Src/st7789.c:141:6:LCD_LineStr	48	static
../BSP/Src/st7789.c:145:6:LCD_LineRect	20	static
../BSP/Src/st7789.c:161:6:ST7789_DMA_TxCpltCallback	16	static
../BSP/Src/st7789.c:166:6:ST7789_Init	16	static
../BSP/Src/st7789.c:200:6:ST7789_SetBacklight	0	static
../BSP/Src/st7789.c:203:6:ST7789_SetWindow	24	static
../BSP/Src/st7789.c:217:6:ST7789_PushScanline	16	static
../BSP/Src/st7789.c:208:6:ST7789_FillScreen	16	static
../BSP/Src/st7789.c:225:6:ST7789_PushBlock	24	static
../BSP/Src/st7789.c:235:6:ST7789_PushWindow	32	static
../BSP/Src/st7789.c:251:11:dma_wait_pub	0	static
../BSP/Src/st7789.c:252:11:cs_high_pub	0	static
../BSP/Src/st7789.c:253:11:ST7789_GetLineBuf	0	static
