../BSP/Src/st7789.c:199:13:ln_bigstr	64	static
../BSP/Src/st7789.c:121:13:hw_d8	16	static
../BSP/Src/st7789.c:119:13:hw_cmd	16	static
../BSP/Src/st7789.c:123:13:hw_d16	16	static
../BSP/Src/st7789.c:127:13:dma_wait	16	static
../BSP/Src/st7789.c:131:13:dma_push	12	static,ignoring_inline_asm
../BSP/Src/st7789.c:137:6:LCD_LineFill	0	static
../BSP/Src/st7789.c:142:6:LCD_LineChar	32	static
../BSP/Src/st7789.c:155:6:LCD_LineStr	48	static
../BSP/Src/st7789.c:159:6:LCD_LineRect	20	static
../BSP/Src/st7789.c:251:6:ST7789_DMA_TxCpltCallback	0	static
../BSP/Src/st7789.c:288:6:ST7789_SetBacklight	0	static
../BSP/Src/st7789.c:291:6:ST7789_SetWindow	24	static
../BSP/Src/st7789.c:305:6:ST7789_PushScanline	16	static
../BSP/Src/st7789.c:296:6:ST7789_FillScreen	16	static
../BSP/Src/st7789.c:253:6:ST7789_Init	16	static
../BSP/Src/st7789.c:313:6:ST7789_PushBlock	24	static
../BSP/Src/st7789.c:355:6:McHF_DrawFrame	24	static
../BSP/Src/st7789.c:398:6:McHF_DrawTopBar	136	static
../BSP/Src/st7789.c:578:6:McHF_UpdateSMeter_SetTX	0	static
../BSP/Src/st7789.c:585:6:McHF_UpdateSMeter	80	static
../BSP/Src/st7789.c:658:6:McHF_DrawStatusPanel	80	static
../BSP/Src/st7789.c:714:6:McHF_DrawSpectrum	560	static
../BSP/Src/st7789.c:822:6:McHF_DrawWaterfall	32	static
../BSP/Src/st7789.c:848:6:McHF_DrawFuncBar	0	static
../BSP/Src/st7789.c:853:6:dma_wait_pub	0	static
../BSP/Src/st7789.c:854:6:cs_high_pub	0	static
../BSP/Src/st7789.c:857:11:ST7789_GetLineBuf	0	static
