../BSP/Src/usb_cat.c:30:14:cat_put_u32	40	static
../BSP/Src/usb_cat.c:54:17:cat_parse_u	12	static
../BSP/Src/usb_cat.c:65:13:cat_copy	0	static
../BSP/Src/usb_cat.c:116:13:cat_tx_enqueue	20	static
../BSP/Src/usb_cat.c:322:13:cat_build_FW	8	static
../BSP/Src/usb_cat.c:348:13:cat_build_SH	8	static
../BSP/Src/usb_cat.c:315:13:cat_build_NB.isra	8	static
../BSP/Src/usb_cat.c:308:13:cat_build_NR.isra	8	static
../BSP/Src/usb_cat.c:298:13:cat_build_AG.isra	8	static
../BSP/Src/usb_cat.c:367:13:cat_build_SQ.isra	8	static
../BSP/Src/usb_cat.c:84:9:CAT_SDRModeToCat	0	static
../BSP/Src/usb_cat.c:96:9:CAT_CatModeToSDR	0	static
../BSP/Src/usb_cat.c:126:6:CAT_SendResponse	0	static
../BSP/Src/usb_cat.c:131:6:CAT_FlushTX	80	static
../BSP/Src/usb_cat.c:155:6:CAT_Receive	12	static
../BSP/Src/usb_cat.c:174:6:CAT_Init	16	static
../BSP/Src/usb_cat.c:213:6:CAT_BuildIF	24	static
../BSP/Src/usb_cat.c:823:6:CAT_Process	160	static
