../Core/Src/stm32h7xx_hal_msp.c:65:6:HAL_MspInit	8	static
../Core/Src/stm32h7xx_hal_msp.c:89:6:HAL_ADC_MspInit	56	static
../Core/Src/stm32h7xx_hal_msp.c:177:6:HAL_ADC_MspDeInit	8	static
../Core/Src/stm32h7xx_hal_msp.c:243:6:HAL_I2C_MspInit	232	static
../Core/Src/stm32h7xx_hal_msp.c:290:6:HAL_I2C_MspDeInit	8	static
../Core/Src/stm32h7xx_hal_msp.c:321:6:HAL_SPI_MspInit	248	static
../Core/Src/stm32h7xx_hal_msp.c:426:6:HAL_SPI_MspDeInit	8	static
../Core/Src/stm32h7xx_hal_msp.c:480:6:HAL_TIM_PWM_MspInit	8	static
../Core/Src/stm32h7xx_hal_msp.c:513:6:HAL_TIM_Encoder_MspInit	40	static
../Core/Src/stm32h7xx_hal_msp.c:544:6:HAL_TIM_MspPostInit	40	static
../Core/Src/stm32h7xx_hal_msp.c:596:6:HAL_TIM_PWM_MspDeInit	0	static
../Core/Src/stm32h7xx_hal_msp.c:629:6:HAL_TIM_Encoder_MspDeInit	0	static
../Core/Src/stm32h7xx_hal_msp.c:658:6:HAL_SAI_MspInit	48	static
../Core/Src/stm32h7xx_hal_msp.c:752:6:HAL_SAI_MspDeInit	8	static
