../Core/Src/stm32h7xx_it.c:68:6:NMI_Handler	0	static
../Core/Src/stm32h7xx_it.c:83:6:HardFault_Handler	0	static
../Core/Src/stm32h7xx_it.c:98:6:MemManage_Handler	0	static
../Core/Src/stm32h7xx_it.c:113:6:BusFault_Handler	0	static
../Core/Src/stm32h7xx_it.c:128:6:UsageFault_Handler	0	static
../Core/Src/stm32h7xx_it.c:143:6:SVC_Handler	0	static
../Core/Src/stm32h7xx_it.c:156:6:DebugMon_Handler	0	static
../Core/Src/stm32h7xx_it.c:169:6:PendSV_Handler	0	static
../Core/Src/stm32h7xx_it.c:182:6:SysTick_Handler	8	static
../Core/Src/stm32h7xx_it.c:202:6:DMA1_Stream0_IRQHandler	0	static
../Core/Src/stm32h7xx_it.c:214:6:DMA1_Stream1_IRQHandler	0	static
../Core/Src/stm32h7xx_it.c:226:6:DMA1_Stream3_IRQHandler	0	static
../Core/Src/stm32h7xx_it.c:238:6:SPI1_IRQHandler	0	static
../Core/Src/stm32h7xx_it.c:250:6:OTG_FS_IRQHandler	0	static
