../USB_DEVICE/App/usb_composite.c:250:17:Comp_GetCfg	0	static
../USB_DEVICE/App/usb_composite.c:256:17:Comp_GetDev	0	static
../USB_DEVICE/App/usb_composite.c:373:16:Comp_EP0_RxReady	0	static
../USB_DEVICE/App/usb_composite.c:587:16:Comp_IsoInInc	0	static
../USB_DEVICE/App/usb_composite.c:596:16:Comp_IsoOutInc	8	static
../USB_DEVICE/App/usb_composite.c:387:16:Comp_Init	16	static
../USB_DEVICE/App/usb_composite.c:396:16:Comp_DeInit	16	static
../USB_DEVICE/App/usb_composite.c:573:16:Comp_SOF	16	static
../USB_DEVICE/App/usb_composite.c:515:16:Comp_DataIn	24	static
../USB_DEVICE/App/usb_composite.c:546:16:Comp_DataOut	24	static
../USB_DEVICE/App/usb_composite.c:463:16:Comp_Setup	32	static
../USB_DEVICE/App/usb_composite.c:613:9:Composite_CDC_Transmit	16	static
../USB_DEVICE/App/usb_composite.c:628:9:Composite_AudioIN_IsStreaming	0	static
../USB_DEVICE/App/usb_composite.c:629:9:Composite_AudioOUT_IsStreaming	0	static
